running a_A_1.txt ...
  done in 7.1s (592字)
running a_A_2.txt ...
  done in 4.8s (279字)
running a_A_3.txt ...
  done in 6.3s (512字)
running a_B_1.txt ...
  done in 6.0s (346字)
running a_B_2.txt ...
  done in 7.1s (604字)
running a_B_3.txt ...
  done in 5.3s (350字)
running b_A_1.txt ...
  done in 6.1s (421字)
running b_A_2.txt ...
  done in 5.5s (357字)
running b_A_3.txt ...
  done in 4.8s (291字)
running b_B_1.txt ...
  done in 6.4s (413字)
running b_B_2.txt ...
  done in 5.8s (396字)
running b_B_3.txt ...
  done in 5.6s (392字)
running c_A_1.txt ...
  done in 6.0s (392字)
running c_A_2.txt ...
  done in 4.8s (304字)
running c_A_3.txt ...
  done in 6.0s (345字)
running c_B_1.txt ...
  done in 6.4s (439字)
running c_B_2.txt ...
  done in 9.2s (334字)
running c_B_3.txt ...
  done in 11.2s (331字)
